// Jest Snapshot v1, https://goo.gl/fbAQLP

exports[`ResetPassword: Component should render correctly 1`] = `
<styled.div>
  <FormattedMessage
    defaultMessage="Validating..."
    id="home.validate"
    values={Object {}}
  />
</styled.div>
`;
