// Jest Snapshot v1, https://goo.gl/fbAQLP

exports[`Loader: Component should render correctly 1`] = `
<div
  className="sc-bdnxRM hvTwJZ"
>
  <div />
  <div />
  <div />
  <div />
</div>
`;
