// Jest Snapshot v1, https://goo.gl/fbAQLP

exports[`Storyshots UserProfile Default 1`] = `
<div
  className="sc-brqgnP SqPLV"
>
  <div
    style={
      Object {
        "alignItems": "flex-start",
        "color": "#1d1d20",
        "display": "flex",
        "flexDirection": "row",
        "justifyContent": "space-between",
        "padding": "18px 0",
        "width": "100%",
      }
    }
  >
    <div>
      <h2
        style={
          Object {
            "fontFamily": "Inter, \\"Helvetica Neue\\", Helvetica, Arial, sans-serif",
            "fontSize": "24px",
            "fontWeight": 100,
            "margin": 0,
          }
        }
      >
        Admin Settings
      </h2>
      <h1
        style={
          Object {
            "fontFamily": "Inter, \\"Helvetica Neue\\", Helvetica, Arial, sans-serif",
            "fontSize": "24px",
            "fontWeight": 600,
            "letterSpacing": "-0.12px",
            "lineHight": 1.25,
            "margin": 0,
          }
        }
      >
        Profile
      </h1>
    </div>
    <button
      onClick={[Function]}
      style={
        Object {
          "backgroundColor": "transparent",
          "border": "none",
          "borderRadius": "48px",
          "color": "#1d1d20",
          "cursor": "pointer",
          "display": "inline-block",
          "fontSize": "18px",
          "margin": "0",
          "minHeight": "48px",
          "outline": "none",
          "padding": "0",
          "position": "absolute",
          "right": 0,
          "top": 6,
        }
      }
    >
      <svg
        style={
          Object {
            "fill": "#1d1d20",
            "height": "60px",
            "width": "60px",
          }
        }
        viewBox="0 0 60 60"
      >
        <path
          d="M30 37a3 3 0 110 6 3 3 0 010-6zm0-10a3 3 0 110 6 3 3 0 010-6zm0-10a3 3 0 110 6 3 3 0 010-6z"
          fillRule="evenodd"
        />
      </svg>
    </button>
  </div>
  <form
    className="sc-cMljjf eTbdzc"
    onSubmit={[Function]}
  >
    <div
      className="sc-bwzfXH uTxCW"
    >
      <div
        style={
          Object {
            "display": "flex",
            "flexDirection": "column",
            "maxWidth": "320px",
            "paddingBottom": "30px",
            "position": "relative",
          }
        }
      >
        <input
          handleChange={[Function]}
          handleSubmit={[Function]}
          id="firstName"
          intl={
            Object {
              "formatMessage": [Function],
            }
          }
          name="firstName"
          onChange={[Function]}
          style={
            Object {
              "backgroundColor": "transparent",
              "border": "none",
              "color": "#1d1d20",
              "fontSize": "18px",
              "lineHeight": "24px",
              "outline": "none",
            }
          }
          type="text"
          value=""
          values={
            Object {
              "email": "",
              "firstName": "",
              "lastName": "",
            }
          }
        />
        <div
          style={
            Object {
              "position": "absolute",
              "right": 0,
              "top": 0,
            }
          }
        />
      </div>
    </div>
    <div
      className="sc-bwzfXH uTxCW"
    >
      <div
        style={
          Object {
            "display": "flex",
            "flexDirection": "column",
            "maxWidth": "320px",
            "paddingBottom": "30px",
            "position": "relative",
          }
        }
      >
        <input
          handleChange={[Function]}
          handleSubmit={[Function]}
          id="lastName"
          intl={
            Object {
              "formatMessage": [Function],
            }
          }
          name="lastName"
          onChange={[Function]}
          style={
            Object {
              "backgroundColor": "transparent",
              "border": "none",
              "color": "#1d1d20",
              "fontSize": "18px",
              "lineHeight": "24px",
              "outline": "none",
            }
          }
          type="text"
          value=""
          values={
            Object {
              "email": "",
              "firstName": "",
              "lastName": "",
            }
          }
        />
        <div
          style={
            Object {
              "position": "absolute",
              "right": 0,
              "top": 0,
            }
          }
        />
      </div>
    </div>
    <div
      className="sc-bwzfXH uTxCW"
    >
      <div
        style={
          Object {
            "display": "flex",
            "flexDirection": "column",
            "maxWidth": "320px",
            "paddingBottom": "30px",
            "position": "relative",
          }
        }
      >
        <input
          handleChange={[Function]}
          handleSubmit={[Function]}
          id="email"
          intl={
            Object {
              "formatMessage": [Function],
            }
          }
          name="email"
          onChange={[Function]}
          style={
            Object {
              "backgroundColor": "transparent",
              "border": "none",
              "color": "#1d1d20",
              "fontSize": "18px",
              "lineHeight": "24px",
              "outline": "none",
            }
          }
          type="text"
          value=""
          values={
            Object {
              "email": "",
              "firstName": "",
              "lastName": "",
            }
          }
        />
        <div
          style={
            Object {
              "position": "absolute",
              "right": 0,
              "top": 0,
            }
          }
        />
      </div>
    </div>
  </form>
</div>
`;
