// Jest Snapshot v1, https://goo.gl/fbAQLP

exports[`DataPreview: Component should render correctly 1`] = `
<styled.div>
  <HelmetWrapper
    defer={true}
    encodeSpecialCharacters={true}
    title="Fields"
  />
  <styled.div>
    <styled.div>
      <styled.div>
        <Component
          customStyles={
            Object {
              "height": 60,
              "width": 60,
            }
          }
          disabled={true}
          onClick={[Function]}
        >
          <Component
            customStyles={
              Object {
                "opacity": 0.3,
              }
            }
          />
        </Component>
      </styled.div>
      <styled.div>
        {countFields} {countFields, plural,one {Field} other {Fields}}
      </styled.div>
      <styled.div>
        <Component
          customStyles={
            Object {
              "height": 60,
              "width": 60,
            }
          }
          disabled={false}
          onClick={[Function]}
        >
          <Component
            customStyles={Object {}}
          />
        </Component>
      </styled.div>
    </styled.div>
    <Table
      header={
        Array [
          "First Name",
          "Last Name",
          "Full Name",
          "Birthplace",
          "State of Birth",
          "Birthday",
          "Url",
        ]
      }
      numberedRows={true}
      rows={
        Array [
          Array [
            "George",
            "Washington",
            "George Washington",
            "Westmoreland County",
            "VA",
            "02/22/1732",
            "some.url.com",
          ],
          Array [
            "John",
            "Adams",
            "John Adams",
            "Braintree",
            "MA",
            "10/30/1735",
            "some.url.com",
          ],
          Array [
            "Thomas",
            "Jefferson",
            "Thomas Jefferson",
            "Shadwell",
            "VA",
            "04/13/1743",
            "some.url.com",
          ],
          Array [
            "James",
            "Madison",
            "James Madison",
            "Port Conway",
            "VA",
            "03/16/1751",
            "some.url.com",
          ],
          Array [
            "James",
            "Monroe",
            "James Monroe",
            "Monroe Hall",
            "VA",
            "04/28/1758",
            "some.url.com",
          ],
        ]
      }
    />
  </styled.div>
  <StepNavigation
    fetchFields={[Function]}
    fields={
      Object {
        "Birthday": Object {},
        "Birthplace": Object {},
        "First Name": Object {},
        "Full Name": Object {},
        "Last Name": Object {},
        "State of Birth": Object {},
        "Url": Object {},
      }
    }
    intl={
      Object {
        "formatMessage": [Function],
      }
    }
    match={
      Object {
        "params": Object {
          "dataSourceId": "1",
          "projectId": "1",
        },
      }
    }
    previewTable={
      Array [
        Object {
          "Birthday": "02/22/1732",
          "Birthplace": "Westmoreland County",
          "First Name": "George",
          "Full Name": "George Washington",
          "Last Name": "Washington",
          "State of Birth": "VA",
          "Url": "some.url.com",
        },
        Object {
          "Birthday": "10/30/1735",
          "Birthplace": "Braintree",
          "First Name": "John",
          "Full Name": "John Adams",
          "Last Name": "Adams",
          "State of Birth": "MA",
          "Url": "some.url.com",
        },
        Object {
          "Birthday": "04/13/1743",
          "Birthplace": "Shadwell",
          "First Name": "Thomas",
          "Full Name": "Thomas Jefferson",
          "Last Name": "Jefferson",
          "State of Birth": "VA",
          "Url": "some.url.com",
        },
        Object {
          "Birthday": "03/16/1751",
          "Birthplace": "Port Conway",
          "First Name": "James",
          "Full Name": "James Madison",
          "Last Name": "Madison",
          "State of Birth": "VA",
          "Url": "some.url.com",
        },
        Object {
          "Birthday": "04/28/1758",
          "Birthplace": "Monroe Hall",
          "First Name": "James",
          "Full Name": "James Monroe",
          "Last Name": "Monroe",
          "State of Birth": "VA",
          "Url": "some.url.com",
        },
      ]
    }
    unmountFields={[Function]}
  />
</styled.div>
`;
