// Jest Snapshot v1, https://goo.gl/fbAQLP

exports[`BlockTemplate: Component should render correctly 1`] = `
<div
  className="sc-bdVaJa bDWFJH"
>
  <div
    className="sc-bwzfXH jguWiy"
  >
    <div
      style={
        Object {
          "alignItems": "flex-start",
          "color": "#FFF",
          "display": "flex",
          "flexDirection": "row",
          "justifyContent": "space-between",
          "paddingBottom": "18px",
          "width": "100%",
        }
      }
    >
      <div>
        <div
          className="sc-htpNat KtFsv"
        >
          <h2
            className="sc-dnqmqq bPutyk"
            id="headerTitle"
            style={
              Object {
                "fontFamily": "Inter, \\"Helvetica Neue\\", Helvetica, Arial, sans-serif",
                "fontSize": "24px",
                "fontWeight": 100,
                "margin": 0,
              }
            }
          >
            Block Template
          </h2>
          <h1
            className="sc-iwsKbI bxRSJa"
            id="headerSubtitle"
            style={
              Object {
                "fontFamily": "Inter, \\"Helvetica Neue\\", Helvetica, Arial, sans-serif",
                "fontSize": "24px",
                "fontWeight": 600,
                "letterSpacing": "-0.12px",
                "lineHight": 1.25,
                "margin": 0,
              }
            }
          >
            Edit
          </h1>
        </div>
      </div>
      <button
        disabled={false}
        id="topHeaderOpenMenuBtn"
        onClick={[Function]}
        style={
          Object {
            "backgroundColor": "transparent",
            "border": "none",
            "borderRadius": "48px",
            "color": "#FFF",
            "cursor": "pointer",
            "display": "inline-block",
            "fill": "#FFF",
            "fontSize": "18px",
            "margin": "0",
            "minHeight": "48px",
            "outline": "none",
            "padding": "0",
            "position": "absolute",
            "right": 0,
            "top": 6,
            "transition": "background 0.25s ease-in-out, color 0.25s ease-in-out",
          }
        }
        type="button"
      >
        <svg
          style={
            Object {
              "fill": "#FFF",
              "height": "60px",
              "width": "60px",
            }
          }
          viewBox="0 0 10 60"
        >
          <path
            d="M5 37a3 3 0 110 6 3 3 0 010-6zm0-10a3 3 0 110 6 3 3 0 010-6zm0-10a3 3 0 110 6 3 3 0 010-6z"
            fillRule="evenodd"
          />
        </svg>
      </button>
    </div>
    <div
      style={
        Object {
          "backgroundColor": "#000",
          "color": "#FFF",
          "maxWidth": null,
          "minHeight": "100vh",
          "padding": "18px 20px 27px",
          "position": "absolute",
          "right": 0,
          "textAlign": "left",
          "top": 0,
          "transform": "translateX(100%)",
          "transition": "transform 400ms cubic-bezier(0.86, 0, 0.07, 1), visibility 0s linear 400ms",
          "visibility": 0,
          "width": "100%",
          "zIndex": 9999,
        }
      }
    >
      <div
        className="sc-bxivhb bUZGRr"
      >
        <div
          className="sc-htpNat KtFsv"
        >
          <h2
            className="sc-dnqmqq bPutyk"
            id="headerTitle"
            style={
              Object {
                "fontFamily": "Inter, \\"Helvetica Neue\\", Helvetica, Arial, sans-serif",
                "fontSize": "24px",
                "fontWeight": 100,
                "margin": 0,
              }
            }
          >
            Block Template
          </h2>
          <h1
            className="sc-iwsKbI bxRSJa"
            id="headerSubtitle"
            style={
              Object {
                "fontFamily": "Inter, \\"Helvetica Neue\\", Helvetica, Arial, sans-serif",
                "fontSize": "24px",
                "fontWeight": 600,
                "letterSpacing": "-0.12px",
                "lineHight": 1.25,
                "margin": 0,
              }
            }
          >
            Edit
          </h1>
        </div>
      </div>
      <div
        className="sc-ifAKCX YtKgc"
      >
        <div
          className="sc-EHOje jndxID"
        >
          <div
            className="sc-bZQynM dHaYym"
          >
            <a
              href="/project/"
              id="projectsNavBtn"
              onClick={[Function]}
            >
              Projects
            </a>
          </div>
          <div
            className="sc-bZQynM dHaYym"
          >
            <a
              href="/user/"
              id="usersPageNavBtn"
              onClick={[Function]}
            >
              Users
            </a>
          </div>
          <div
            className="sc-bZQynM dHaYym"
          >
            <a
              href="/project/undefined"
              id="projectDetailsNavBtn"
              onClick={[Function]}
            >
              Project details
            </a>
          </div>
          <div
            className="sc-bZQynM dHaYym"
          >
            <a
              href="/project/undefined/datasource"
              id="dataSourceNavBtn"
              onClick={[Function]}
            >
              Data Sources
            </a>
          </div>
          <div
            className="sc-bZQynM dHaYym"
          >
            <a
              href="/project/undefined/state"
              id="stateNavBtn"
              onClick={[Function]}
            >
              States
            </a>
          </div>
          <div
            className="sc-bZQynM dHaYym"
          >
            <a
              href="/project/undefined/user"
              id="usersNavBtn"
              onClick={[Function]}
            >
              Project Users
            </a>
          </div>
          <div
            className="sc-bZQynM dHaYym"
          >
            <a
              href="/project/undefined/folder"
              id="folderNavBtn"
              onClick={[Function]}
            >
              Pages
            </a>
          </div>
        </div>
        <div
          className="sc-EHOje jndxID"
        >
          <div
            className="sc-bZQynM dHaYym"
          >
            <a
              href="/settings"
              id="settingsNavBtn"
              onClick={[Function]}
            >
              Settings
            </a>
          </div>
          <div
            className="sc-bZQynM dHaYym"
          >
            <div
              onClick={[Function]}
            >
              Log out
            </div>
          </div>
        </div>
        <div
          className="sc-gzVnrw jHfMTZ"
        >
          <a
            className="sc-htoDjs dmeaZZ"
            href="/"
            id="aboutNavBtn"
            onClick={[Function]}
          >
            About Schema CMS
          </a>
          <a
            className="sc-htoDjs dmeaZZ"
            href="/"
            id="apiNavBtn"
            onClick={[Function]}
          >
            API Doc
          </a>
          <a
            className="sc-htoDjs dmeaZZ"
            href="/"
            id="repositoryNavBtn"
            onClick={[Function]}
          >
            GitHub Repository
          </a>
        </div>
      </div>
      <button
        disabled={false}
        id="topHeaderCloseMenuButton"
        onClick={[Function]}
        style={
          Object {
            "backgroundColor": "transparent",
            "border": "none",
            "borderRadius": "48px",
            "color": "#FFF",
            "cursor": "pointer",
            "display": "inline-block",
            "fill": "#FFF",
            "fontSize": "18px",
            "margin": "0",
            "minHeight": "48px",
            "outline": "none",
            "padding": "0",
            "position": "absolute",
            "right": 0,
            "top": "6px",
            "transition": "background 0.25s ease-in-out, color 0.25s ease-in-out",
          }
        }
        type="button"
      >
        <svg
          style={
            Object {
              "fill": "#FFF",
              "height": "60px",
              "width": "60px",
            }
          }
          viewBox="0 0 60 60"
        >
          <path
            d="M39.192 17.98l2.829 2.828L32.828 30l9.193 9.192-2.829 2.829L30 32.828l-9.192 9.193-2.829-2.829L27.172 30l-9.193-9.192 2.829-2.829L30 27.172l9.192-9.193z"
            fillRule="evenodd"
          />
        </svg>
      </button>
    </div>
  </div>
  <form
    onSubmit={[Function]}
  >
    <div
      className="sc-kGXeez eIIwaK"
    >
      <div
        className="sc-ckVGcZ kavnbm"
      >
        <div
          className="sc-jKJlTe bbYNJN"
        >
          <h2
            className="sc-eNQAEJ jraORh"
            id="desktopHeaderTitle"
            style={
              Object {
                "fontFamily": "Inter, \\"Helvetica Neue\\", Helvetica, Arial, sans-serif",
                "fontSize": "24px",
                "fontWeight": 100,
                "margin": 0,
              }
            }
          >
            Block Template
          </h2>
          <h1
            className="sc-hMqMXs NSfhp"
            id="desktopHeaderSubtitle"
            style={
              Object {
                "fontFamily": "Inter, \\"Helvetica Neue\\", Helvetica, Arial, sans-serif",
                "fontSize": "24px",
                "fontWeight": 600,
                "letterSpacing": "-0.12px",
                "lineHight": 1.25,
                "margin": 0,
              }
            }
          >
            <div
              className="sc-kpOJdX dEeRhR"
            >
              <div
                className="sc-kkGfuU KklVJ"
              >
                <div
                  style={
                    Object {
                      "display": "flex",
                      "flexDirection": "column",
                      "maxWidth": "100%",
                      "paddingBottom": 0,
                      "paddingRight": 40,
                      "position": "static",
                    }
                  }
                >
                  <input
                    id="name"
                    name="name"
                    onBlur={[Function]}
                    onChange={[Function]}
                    placeholder="Name"
                    style={
                      Object {
                        "backgroundColor": "transparent",
                        "border": "none",
                        "color": "#FFF",
                        "fontFamily": "inherit",
                        "fontSize": 24,
                        "fontWeight": 600,
                        "letterSpacing": "normal",
                        "lineHeight": "24px",
                        "maxWidth": "100%",
                        "minWidth": 100,
                        "outline": "none",
                        "padding": 0,
                        "width": 105,
                      }
                    }
                    type="text"
                    value="block name"
                  />
                  <div
                    style={
                      Object {
                        "backgroundColor": "transparent",
                        "border": "none",
                        "color": "#FFF",
                        "fontFamily": "inherit",
                        "fontSize": 24,
                        "fontWeight": 600,
                        "letterSpacing": "normal",
                        "lineHeight": "24px",
                        "maxWidth": "100%",
                        "minWidth": 100,
                        "opacity": 0,
                        "outline": "none",
                        "padding": 0,
                        "position": "absolute",
                        "visibility": "hidden",
                        "whiteSpace": "pre",
                      }
                    }
                  >
                    block name
                  </div>
                  <div
                    style={
                      Object {
                        "position": "absolute",
                        "right": 0,
                        "top": 0,
                      }
                    }
                  />
                </div>
              </div>
              <div
                className="sc-dxgOiQ gLysol"
              >
                <svg
                  style={
                    Object {
                      "fill": "#FFF",
                      "height": "30px",
                      "width": "30px",
                    }
                  }
                  viewBox="0 0 30 30"
                >
                  <path
                    d="M21.789 10.92a.724.724 0 000-1.022l-1.687-1.687a.724.724 0 00-1.022 0l-1.322 1.322 2.709 2.709 1.322-1.322zM9 18.291V21h2.709l7.992-7.992-2.709-2.71L9 18.292z"
                    fillRule="evenodd"
                  />
                </svg>
              </div>
            </div>
          </h1>
        </div>
        <div
          className="sc-kEYyzF gfWKdx"
        >
          <div
            className="sc-kgoBCf ifKHSM"
          >
            <button
              disabled={false}
              id="createElement"
              onClick={[Function]}
              style={
                Object {
                  "backgroundColor": "#FFF",
                  "border": "none",
                  "borderRadius": "48px",
                  "color": "#000",
                  "cursor": "pointer",
                  "display": "inline-block",
                  "fill": "#FFF",
                  "fontSize": "18px",
                  "height": "60px",
                  "margin": "0",
                  "minHeight": "48px",
                  "outline": "none",
                  "padding": "0",
                  "transition": "background 0.25s ease-in-out, color 0.25s ease-in-out",
                  "width": "60px",
                }
              }
              type="button"
            >
              <svg
                style={
                  Object {
                    "fill": "#000",
                    "height": "60px",
                    "shapeRendering": "crispEdges",
                    "width": "60px",
                  }
                }
                viewBox="0 0 60 60"
              >
                <path
                  d="M32 15v13h13v4H32v13h-4V32H15v-4h13V15h4z"
                />
              </svg>
            </button>
          </div>
        </div>
      </div>
    </div>
    <div
      className="sc-fjdhpX jevcr"
    >
      <div
        className="sc-cSHVUG jpEzzg"
      >
        <div
          className="sc-jzJRlG dfKXm"
        >
          <button
            className="sc-kAzzGY iLakCl"
            disabled={false}
            id="cancelBtn"
            onClick={[Function]}
            style={
              Object {
                "backgroundColor": "#1d1d20",
                "border": "none",
                "borderRadius": "48px",
                "color": "#FFF",
                "cursor": "pointer",
                "display": "inline-block",
                "fill": "#FFF",
                "fontSize": "18px",
                "margin": "0",
                "minHeight": "48px",
                "outline": "none",
                "padding": "0",
                "transition": "background 0.25s ease-in-out, color 0.25s ease-in-out",
              }
            }
            type="button"
          >
            Back
          </button>
          <button
            className="sc-kAzzGY iLakCl"
            disabled={true}
            id="createTemplateBlockMobile"
            style={
              Object {
                "backgroundColor": "#1d1d20",
                "border": "none",
                "borderRadius": "48px",
                "color": "#71737e",
                "cursor": "default",
                "display": "inline-block",
                "fill": "#FFF",
                "fontSize": "18px",
                "margin": "0",
                "minHeight": "48px",
                "outline": "none",
                "padding": "0",
                "transition": "background 0.25s ease-in-out, color 0.25s ease-in-out",
              }
            }
            type="submit"
          >
            Save
          </button>
        </div>
      </div>
    </div>
  </form>
</div>
`;
