// Jest Snapshot v1, https://goo.gl/fbAQLP

exports[`Fields: Component should render correctly 1`] = `
<Fragment>
  <HelmetWrapper
    defer={true}
    encodeSpecialCharacters={true}
    title="Fields"
  />
  <MobileMenu
    headerSubtitle={
      <FormattedMessage
        defaultMessage="Fields"
        id="dataSource.fields.subTitle"
        values={Object {}}
      />
    }
    options={
      Array [
        Object {
          "allowedRoles": Array [
            "admin",
            "editor",
          ],
          "id": "projectsNavBtn",
          "label": <FormattedMessage
            defaultMessage="Projects"
            id="project.view.projectsListPage"
            values={Object {}}
          />,
          "to": "/project/",
          "type": "link_item",
        },
        Object {
          "allowedRoles": Array [
            "admin",
            "editor",
          ],
          "id": "projectDetailsNavBtn",
          "label": <FormattedMessage
            defaultMessage="Project details"
            id="project.view.projectDetails"
            values={Object {}}
          />,
          "to": "/project/1",
          "type": "link_item",
        },
        Object {
          "allowedRoles": Array [
            "admin",
            "editor",
          ],
          "id": "dataSourceNavBtn",
          "label": <FormattedMessage
            defaultMessage="Data Sources"
            id="project.view.projectDataSources"
            values={Object {}}
          />,
          "to": "/project/1/datasource",
          "type": "link_item",
        },
        Object {
          "allowedRoles": Array [
            "admin",
          ],
          "id": "usersNavBtn",
          "label": <FormattedMessage
            defaultMessage="Users"
            id="project.view.usersPage"
            values={Object {}}
          />,
          "to": "/project/1/user",
          "type": "link_item",
        },
        Object {
          "allowedRoles": Array [
            "admin",
            "editor",
          ],
          "id": "folderNavBtn",
          "label": <FormattedMessage
            defaultMessage="Pages"
            id="project.view.projectPages"
            values={Object {}}
          />,
          "to": "/project/1/folder",
          "type": "link_item",
        },
      ]
    }
  />
  <ContextHeader
    subtitle={
      <FormattedMessage
        defaultMessage="Fields"
        id="dataSource.fields.subTitle"
        values={Object {}}
      />
    }
  >
    <DataSourceNavigation
      dataSource={
        Object {
          "project": Object {
            "id": "1",
          },
        }
      }
      fetchPreview={[Function]}
      hideOnDesktop={false}
      history={
        Object {
          "goBack": [Function],
          "push": [Function],
        }
      }
      intl={
        Object {
          "formatMessage": [Function],
        }
      }
      match={
        Object {
          "params": Object {
            "step": "2",
          },
          "url": "url",
        }
      }
      previewData={
        Object {
          "data": Array [
            Object {
              "Birthday": "02/22/1732",
              "Birthplace": "Westmoreland County",
              "First Name": "George",
              "Full Name": "George Washington",
              "Last Name": "Washington",
              "State of Birth": "VA",
              "Url": "some.url.com",
            },
            Object {
              "Birthday": "10/30/1735",
              "Birthplace": "Braintree",
              "First Name": "John",
              "Full Name": "John Adams",
              "Last Name": "Adams",
              "State of Birth": "MA",
              "Url": "some.url.com",
            },
            Object {
              "Birthday": "04/13/1743",
              "Birthplace": "Shadwell",
              "First Name": "Thomas",
              "Full Name": "Thomas Jefferson",
              "Last Name": "Jefferson",
              "State of Birth": "VA",
              "Url": "some.url.com",
            },
            Object {
              "Birthday": "03/16/1751",
              "Birthplace": "Port Conway",
              "First Name": "James",
              "Full Name": "James Madison",
              "Last Name": "Madison",
              "State of Birth": "VA",
              "Url": "some.url.com",
            },
            Object {
              "Birthday": "04/28/1758",
              "Birthplace": "Monroe Hall",
              "First Name": "James",
              "Full Name": "James Monroe",
              "Last Name": "Monroe",
              "State of Birth": "VA",
              "Url": "some.url.com",
            },
          ],
          "fields": Object {
            "Birthday": Object {},
            "Birthplace": Object {},
            "First Name": Object {},
            "Full Name": Object {},
            "Last Name": Object {},
            "State of Birth": Object {},
            "Url": Object {},
          },
        }
      }
      userRole="admin"
    />
  </ContextHeader>
  <DataPreview
    dataSource={
      Object {
        "project": Object {
          "id": "1",
        },
      }
    }
    fetchPreview={[Function]}
    history={
      Object {
        "goBack": [Function],
        "push": [Function],
      }
    }
    intl={
      Object {
        "formatMessage": [Function],
      }
    }
    jobId={null}
    match={
      Object {
        "params": Object {
          "step": "2",
        },
        "url": "url",
      }
    }
    previewData={
      Object {
        "data": Array [
          Object {
            "Birthday": "02/22/1732",
            "Birthplace": "Westmoreland County",
            "First Name": "George",
            "Full Name": "George Washington",
            "Last Name": "Washington",
            "State of Birth": "VA",
            "Url": "some.url.com",
          },
          Object {
            "Birthday": "10/30/1735",
            "Birthplace": "Braintree",
            "First Name": "John",
            "Full Name": "John Adams",
            "Last Name": "Adams",
            "State of Birth": "MA",
            "Url": "some.url.com",
          },
          Object {
            "Birthday": "04/13/1743",
            "Birthplace": "Shadwell",
            "First Name": "Thomas",
            "Full Name": "Thomas Jefferson",
            "Last Name": "Jefferson",
            "State of Birth": "VA",
            "Url": "some.url.com",
          },
          Object {
            "Birthday": "03/16/1751",
            "Birthplace": "Port Conway",
            "First Name": "James",
            "Full Name": "James Madison",
            "Last Name": "Madison",
            "State of Birth": "VA",
            "Url": "some.url.com",
          },
          Object {
            "Birthday": "04/28/1758",
            "Birthplace": "Monroe Hall",
            "First Name": "James",
            "Full Name": "James Monroe",
            "Last Name": "Monroe",
            "State of Birth": "VA",
            "Url": "some.url.com",
          },
        ],
        "fields": Object {
          "Birthday": Object {},
          "Birthplace": Object {},
          "First Name": Object {},
          "Full Name": Object {},
          "Last Name": Object {},
          "State of Birth": Object {},
          "Url": Object {},
        },
      }
    }
    userRole="admin"
  />
  <DataSourceNavigation
    dataSource={
      Object {
        "project": Object {
          "id": "1",
        },
      }
    }
    fetchPreview={[Function]}
    hideOnDesktop={true}
    history={
      Object {
        "goBack": [Function],
        "push": [Function],
      }
    }
    intl={
      Object {
        "formatMessage": [Function],
      }
    }
    match={
      Object {
        "params": Object {
          "step": "2",
        },
        "url": "url",
      }
    }
    previewData={
      Object {
        "data": Array [
          Object {
            "Birthday": "02/22/1732",
            "Birthplace": "Westmoreland County",
            "First Name": "George",
            "Full Name": "George Washington",
            "Last Name": "Washington",
            "State of Birth": "VA",
            "Url": "some.url.com",
          },
          Object {
            "Birthday": "10/30/1735",
            "Birthplace": "Braintree",
            "First Name": "John",
            "Full Name": "John Adams",
            "Last Name": "Adams",
            "State of Birth": "MA",
            "Url": "some.url.com",
          },
          Object {
            "Birthday": "04/13/1743",
            "Birthplace": "Shadwell",
            "First Name": "Thomas",
            "Full Name": "Thomas Jefferson",
            "Last Name": "Jefferson",
            "State of Birth": "VA",
            "Url": "some.url.com",
          },
          Object {
            "Birthday": "03/16/1751",
            "Birthplace": "Port Conway",
            "First Name": "James",
            "Full Name": "James Madison",
            "Last Name": "Madison",
            "State of Birth": "VA",
            "Url": "some.url.com",
          },
          Object {
            "Birthday": "04/28/1758",
            "Birthplace": "Monroe Hall",
            "First Name": "James",
            "Full Name": "James Monroe",
            "Last Name": "Monroe",
            "State of Birth": "VA",
            "Url": "some.url.com",
          },
        ],
        "fields": Object {
          "Birthday": Object {},
          "Birthplace": Object {},
          "First Name": Object {},
          "Full Name": Object {},
          "Last Name": Object {},
          "State of Birth": Object {},
          "Url": Object {},
        },
      }
    }
    userRole="admin"
  />
</Fragment>
`;
