// Jest Snapshot v1, https://goo.gl/fbAQLP

exports[`Settings: Component should render correctly 1`] = `
<Fragment>
  <TopHeader
    headerSubtitle={
      <FormattedMessage
        defaultMessage="My Profile"
        id="settings.subTitle"
        values={Object {}}
      />
    }
    headerTitle={
      <FormattedMessage
        defaultMessage="SchemaCMS"
        id="settings.title"
        values={Object {}}
      />
    }
  />
  <ContextHeader
    subtitle={
      <FormattedMessage
        defaultMessage="My Profile"
        id="settings.subTitle"
        values={Object {}}
      />
    }
    title={
      <FormattedMessage
        defaultMessage="SchemaCMS"
        id="settings.title"
        values={Object {}}
      />
    }
  />
  <Formik
    displayName="user_profile_form"
    enableReinitialize={true}
    initialValues={
      Object {
        "authMethod": "email",
        "email": "",
        "firstName": "",
        "lastName": "",
      }
    }
    isInitialValid={false}
    onSubmit={[Function]}
    render={[Function]}
    validateOnBlur={true}
    validateOnChange={true}
    validationSchema={
      ObjectSchema {
        "_blacklist": RefSet {
          "list": Set {},
          "refs": Map {},
        },
        "_conditions": Array [],
        "_defaultDefault": [Function],
        "_deps": Array [],
        "_excludedEdges": Array [],
        "_exclusive": Object {},
        "_mutate": undefined,
        "_nodes": Array [
          "email",
          "lastName",
          "firstName",
        ],
        "_options": Object {
          "abortEarly": true,
          "recursive": true,
        },
        "_type": "object",
        "_typeError": [Function],
        "_whitelist": RefSet {
          "list": Set {},
          "refs": Map {},
        },
        "fields": Object {
          "email": StringSchema {
            "_blacklist": RefSet {
              "list": Set {},
              "refs": Map {},
            },
            "_conditions": Array [],
            "_deps": Array [],
            "_exclusive": Object {
              "required": true,
              "undefined": false,
            },
            "_mutate": undefined,
            "_options": Object {
              "abortEarly": true,
              "recursive": true,
            },
            "_type": "string",
            "_typeError": [Function],
            "_whitelist": RefSet {
              "list": Set {},
              "refs": Map {},
            },
            "tests": Array [
              [Function],
              [Function],
            ],
            "transforms": Array [
              [Function],
            ],
          },
          "firstName": StringSchema {
            "_blacklist": RefSet {
              "list": Set {},
              "refs": Map {},
            },
            "_conditions": Array [],
            "_deps": Array [],
            "_exclusive": Object {
              "max": true,
              "min": true,
              "trim": false,
            },
            "_mutate": undefined,
            "_options": Object {
              "abortEarly": true,
              "recursive": true,
            },
            "_type": "string",
            "_typeError": [Function],
            "_whitelist": RefSet {
              "list": Set {},
              "refs": Map {},
            },
            "tests": Array [
              [Function],
              [Function],
              [Function],
            ],
            "transforms": Array [
              [Function],
              [Function],
            ],
          },
          "lastName": StringSchema {
            "_blacklist": RefSet {
              "list": Set {},
              "refs": Map {},
            },
            "_conditions": Array [],
            "_deps": Array [],
            "_exclusive": Object {
              "max": true,
              "min": true,
              "required": true,
              "trim": false,
            },
            "_mutate": undefined,
            "_options": Object {
              "abortEarly": true,
              "recursive": true,
            },
            "_type": "string",
            "_typeError": [Function],
            "_whitelist": RefSet {
              "list": Set {},
              "refs": Map {},
            },
            "tests": Array [
              [Function],
              [Function],
              [Function],
              [Function],
            ],
            "transforms": Array [
              [Function],
              [Function],
            ],
          },
        },
        "tests": Array [],
        "transforms": Array [
          [Function],
        ],
      }
    }
  />
</Fragment>
`;

exports[`Settings: Component should render correctly 2`] = `
<Fragment>
  <TopHeader
    headerSubtitle={
      <FormattedMessage
        defaultMessage="My Profile"
        id="settings.subTitle"
        values={Object {}}
      />
    }
    headerTitle={
      <FormattedMessage
        defaultMessage="SchemaCMS"
        id="settings.title"
        values={Object {}}
      />
    }
  />
  <ContextHeader
    subtitle={
      <FormattedMessage
        defaultMessage="My Profile"
        id="settings.subTitle"
        values={Object {}}
      />
    }
    title={
      <FormattedMessage
        defaultMessage="SchemaCMS"
        id="settings.title"
        values={Object {}}
      />
    }
  />
  <Formik
    displayName="user_profile_form"
    enableReinitialize={true}
    initialValues={
      Object {
        "authMethod": "email",
        "email": "",
        "firstName": "",
        "lastName": "",
      }
    }
    isInitialValid={false}
    onSubmit={[Function]}
    render={[Function]}
    validateOnBlur={true}
    validateOnChange={true}
    validationSchema={
      ObjectSchema {
        "_blacklist": RefSet {
          "list": Set {},
          "refs": Map {},
        },
        "_conditions": Array [],
        "_defaultDefault": [Function],
        "_deps": Array [],
        "_excludedEdges": Array [],
        "_exclusive": Object {},
        "_mutate": undefined,
        "_nodes": Array [
          "email",
          "lastName",
          "firstName",
        ],
        "_options": Object {
          "abortEarly": true,
          "recursive": true,
        },
        "_type": "object",
        "_typeError": [Function],
        "_whitelist": RefSet {
          "list": Set {},
          "refs": Map {},
        },
        "fields": Object {
          "email": StringSchema {
            "_blacklist": RefSet {
              "list": Set {},
              "refs": Map {},
            },
            "_conditions": Array [],
            "_deps": Array [],
            "_exclusive": Object {
              "required": true,
              "undefined": false,
            },
            "_mutate": undefined,
            "_options": Object {
              "abortEarly": true,
              "recursive": true,
            },
            "_type": "string",
            "_typeError": [Function],
            "_whitelist": RefSet {
              "list": Set {},
              "refs": Map {},
            },
            "tests": Array [
              [Function],
              [Function],
            ],
            "transforms": Array [
              [Function],
            ],
          },
          "firstName": StringSchema {
            "_blacklist": RefSet {
              "list": Set {},
              "refs": Map {},
            },
            "_conditions": Array [],
            "_deps": Array [],
            "_exclusive": Object {
              "max": true,
              "min": true,
              "trim": false,
            },
            "_mutate": undefined,
            "_options": Object {
              "abortEarly": true,
              "recursive": true,
            },
            "_type": "string",
            "_typeError": [Function],
            "_whitelist": RefSet {
              "list": Set {},
              "refs": Map {},
            },
            "tests": Array [
              [Function],
              [Function],
              [Function],
            ],
            "transforms": Array [
              [Function],
              [Function],
            ],
          },
          "lastName": StringSchema {
            "_blacklist": RefSet {
              "list": Set {},
              "refs": Map {},
            },
            "_conditions": Array [],
            "_deps": Array [],
            "_exclusive": Object {
              "max": true,
              "min": true,
              "required": true,
              "trim": false,
            },
            "_mutate": undefined,
            "_options": Object {
              "abortEarly": true,
              "recursive": true,
            },
            "_type": "string",
            "_typeError": [Function],
            "_whitelist": RefSet {
              "list": Set {},
              "refs": Map {},
            },
            "tests": Array [
              [Function],
              [Function],
              [Function],
              [Function],
            ],
            "transforms": Array [
              [Function],
              [Function],
            ],
          },
        },
        "tests": Array [],
        "transforms": Array [
          [Function],
        ],
      }
    }
  />
</Fragment>
`;

exports[`Settings: Component should render correctly form 1`] = `
<ContextProvider
  value={
    Object {
      "dirty": false,
      "errors": Object {},
      "handleBlur": [Function],
      "handleChange": [Function],
      "handleReset": [Function],
      "handleSubmit": [Function],
      "initialValues": Object {
        "authMethod": "email",
        "email": "",
        "firstName": "",
        "lastName": "",
      },
      "isSubmitting": false,
      "isValid": false,
      "isValidating": false,
      "registerField": [Function],
      "resetForm": [Function],
      "setError": [Function],
      "setErrors": [Function],
      "setFieldError": [Function],
      "setFieldTouched": [Function],
      "setFieldValue": [Function],
      "setFormikState": [Function],
      "setStatus": [Function],
      "setSubmitting": [Function],
      "setTouched": [Function],
      "setValues": [Function],
      "status": undefined,
      "submitCount": 0,
      "submitForm": [Function],
      "touched": Object {},
      "unregisterField": [Function],
      "validate": undefined,
      "validateField": [Function],
      "validateForm": [Function],
      "validateOnBlur": true,
      "validateOnChange": true,
      "validationSchema": ObjectSchema {
        "_blacklist": RefSet {
          "list": Set {},
          "refs": Map {},
        },
        "_conditions": Array [],
        "_defaultDefault": [Function],
        "_deps": Array [],
        "_excludedEdges": Array [],
        "_exclusive": Object {},
        "_mutate": undefined,
        "_nodes": Array [
          "email",
          "lastName",
          "firstName",
        ],
        "_options": Object {
          "abortEarly": true,
          "recursive": true,
        },
        "_type": "object",
        "_typeError": [Function],
        "_whitelist": RefSet {
          "list": Set {},
          "refs": Map {},
        },
        "fields": Object {
          "email": StringSchema {
            "_blacklist": RefSet {
              "list": Set {},
              "refs": Map {},
            },
            "_conditions": Array [],
            "_deps": Array [],
            "_exclusive": Object {
              "required": true,
              "undefined": false,
            },
            "_mutate": undefined,
            "_options": Object {
              "abortEarly": true,
              "recursive": true,
            },
            "_type": "string",
            "_typeError": [Function],
            "_whitelist": RefSet {
              "list": Set {},
              "refs": Map {},
            },
            "tests": Array [
              [Function],
              [Function],
            ],
            "transforms": Array [
              [Function],
            ],
          },
          "firstName": StringSchema {
            "_blacklist": RefSet {
              "list": Set {},
              "refs": Map {},
            },
            "_conditions": Array [],
            "_deps": Array [],
            "_exclusive": Object {
              "max": true,
              "min": true,
              "trim": false,
            },
            "_mutate": undefined,
            "_options": Object {
              "abortEarly": true,
              "recursive": true,
            },
            "_type": "string",
            "_typeError": [Function],
            "_whitelist": RefSet {
              "list": Set {},
              "refs": Map {},
            },
            "tests": Array [
              [Function],
              [Function],
              [Function],
            ],
            "transforms": Array [
              [Function],
              [Function],
            ],
          },
          "lastName": StringSchema {
            "_blacklist": RefSet {
              "list": Set {},
              "refs": Map {},
            },
            "_conditions": Array [],
            "_deps": Array [],
            "_exclusive": Object {
              "max": true,
              "min": true,
              "required": true,
              "trim": false,
            },
            "_mutate": undefined,
            "_options": Object {
              "abortEarly": true,
              "recursive": true,
            },
            "_type": "string",
            "_typeError": [Function],
            "_whitelist": RefSet {
              "list": Set {},
              "refs": Map {},
            },
            "tests": Array [
              [Function],
              [Function],
              [Function],
              [Function],
            ],
            "transforms": Array [
              [Function],
              [Function],
            ],
          },
        },
        "tests": Array [],
        "transforms": Array [
          [Function],
        ],
      },
      "values": Object {
        "authMethod": "email",
        "email": "",
        "firstName": "",
        "lastName": "",
      },
    }
  }
>
  <styled.form
    onSubmit={[Function]}
  >
    <UserProfile
      errors={Object {}}
      handleBlur={[Function]}
      handleChange={[Function]}
      handleReset={[Function]}
      initialValues={
        Object {
          "authMethod": "email",
          "email": "",
          "firstName": "",
          "lastName": "",
        }
      }
      isCurrentUser={true}
      isValid={false}
      isValidating={false}
      registerField={[Function]}
      resetForm={[Function]}
      setError={[Function]}
      setErrors={[Function]}
      setFieldError={[Function]}
      setFieldTouched={[Function]}
      setFieldValue={[Function]}
      setFormikState={[Function]}
      setStatus={[Function]}
      setSubmitting={[Function]}
      setTouched={[Function]}
      setValues={[Function]}
      submitCount={0}
      submitForm={[Function]}
      touched={Object {}}
      unregisterField={[Function]}
      validateField={[Function]}
      validateForm={[Function]}
      validateOnBlur={true}
      validateOnChange={true}
      values={
        Object {
          "authMethod": "email",
          "email": "",
          "firstName": "",
          "lastName": "",
        }
      }
    />
    <styled.div>
      <Styled(Span)
        onClick={[Function]}
      >
        <FormattedMessage
          defaultMessage="Reset password"
          id="settings.resetPassword"
          values={Object {}}
        />
      </Styled(Span)>
    </styled.div>
    <NavigationContainer
      fixed={true}
      hideOnDesktop={false}
      right={false}
    >
      <BackButton
        disabled={false}
        onClick={[Function]}
        type="button"
      />
      <NextButton
        disabled={true}
        loading={false}
        type="submit"
      >
        <FormattedMessage
          defaultMessage="Save"
          id="settings.save"
          values={Object {}}
        />
      </NextButton>
    </NavigationContainer>
  </styled.form>
</ContextProvider>
`;

exports[`Settings: Component should render form without reset password link 1`] = `
<ContextProvider
  value={
    Object {
      "dirty": false,
      "errors": Object {},
      "handleBlur": [Function],
      "handleChange": [Function],
      "handleReset": [Function],
      "handleSubmit": [Function],
      "initialValues": Object {
        "authMethod": "gmail",
        "email": "",
        "firstName": "",
        "lastName": "",
      },
      "isSubmitting": false,
      "isValid": false,
      "isValidating": false,
      "registerField": [Function],
      "resetForm": [Function],
      "setError": [Function],
      "setErrors": [Function],
      "setFieldError": [Function],
      "setFieldTouched": [Function],
      "setFieldValue": [Function],
      "setFormikState": [Function],
      "setStatus": [Function],
      "setSubmitting": [Function],
      "setTouched": [Function],
      "setValues": [Function],
      "status": undefined,
      "submitCount": 0,
      "submitForm": [Function],
      "touched": Object {},
      "unregisterField": [Function],
      "validate": undefined,
      "validateField": [Function],
      "validateForm": [Function],
      "validateOnBlur": true,
      "validateOnChange": true,
      "validationSchema": ObjectSchema {
        "_blacklist": RefSet {
          "list": Set {},
          "refs": Map {},
        },
        "_conditions": Array [],
        "_defaultDefault": [Function],
        "_deps": Array [],
        "_excludedEdges": Array [],
        "_exclusive": Object {},
        "_mutate": undefined,
        "_nodes": Array [
          "email",
          "lastName",
          "firstName",
        ],
        "_options": Object {
          "abortEarly": true,
          "recursive": true,
        },
        "_type": "object",
        "_typeError": [Function],
        "_whitelist": RefSet {
          "list": Set {},
          "refs": Map {},
        },
        "fields": Object {
          "email": StringSchema {
            "_blacklist": RefSet {
              "list": Set {},
              "refs": Map {},
            },
            "_conditions": Array [],
            "_deps": Array [],
            "_exclusive": Object {
              "required": true,
              "undefined": false,
            },
            "_mutate": undefined,
            "_options": Object {
              "abortEarly": true,
              "recursive": true,
            },
            "_type": "string",
            "_typeError": [Function],
            "_whitelist": RefSet {
              "list": Set {},
              "refs": Map {},
            },
            "tests": Array [
              [Function],
              [Function],
            ],
            "transforms": Array [
              [Function],
            ],
          },
          "firstName": StringSchema {
            "_blacklist": RefSet {
              "list": Set {},
              "refs": Map {},
            },
            "_conditions": Array [],
            "_deps": Array [],
            "_exclusive": Object {
              "max": true,
              "min": true,
              "trim": false,
            },
            "_mutate": undefined,
            "_options": Object {
              "abortEarly": true,
              "recursive": true,
            },
            "_type": "string",
            "_typeError": [Function],
            "_whitelist": RefSet {
              "list": Set {},
              "refs": Map {},
            },
            "tests": Array [
              [Function],
              [Function],
              [Function],
            ],
            "transforms": Array [
              [Function],
              [Function],
            ],
          },
          "lastName": StringSchema {
            "_blacklist": RefSet {
              "list": Set {},
              "refs": Map {},
            },
            "_conditions": Array [],
            "_deps": Array [],
            "_exclusive": Object {
              "max": true,
              "min": true,
              "required": true,
              "trim": false,
            },
            "_mutate": undefined,
            "_options": Object {
              "abortEarly": true,
              "recursive": true,
            },
            "_type": "string",
            "_typeError": [Function],
            "_whitelist": RefSet {
              "list": Set {},
              "refs": Map {},
            },
            "tests": Array [
              [Function],
              [Function],
              [Function],
              [Function],
            ],
            "transforms": Array [
              [Function],
              [Function],
            ],
          },
        },
        "tests": Array [],
        "transforms": Array [
          [Function],
        ],
      },
      "values": Object {
        "authMethod": "gmail",
        "email": "",
        "firstName": "",
        "lastName": "",
      },
    }
  }
>
  <styled.form
    onSubmit={[Function]}
  >
    <UserProfile
      errors={Object {}}
      handleBlur={[Function]}
      handleChange={[Function]}
      handleReset={[Function]}
      initialValues={
        Object {
          "authMethod": "gmail",
          "email": "",
          "firstName": "",
          "lastName": "",
        }
      }
      isCurrentUser={true}
      isValid={false}
      isValidating={false}
      registerField={[Function]}
      resetForm={[Function]}
      setError={[Function]}
      setErrors={[Function]}
      setFieldError={[Function]}
      setFieldTouched={[Function]}
      setFieldValue={[Function]}
      setFormikState={[Function]}
      setStatus={[Function]}
      setSubmitting={[Function]}
      setTouched={[Function]}
      setValues={[Function]}
      submitCount={0}
      submitForm={[Function]}
      touched={Object {}}
      unregisterField={[Function]}
      validateField={[Function]}
      validateForm={[Function]}
      validateOnBlur={true}
      validateOnChange={true}
      values={
        Object {
          "authMethod": "gmail",
          "email": "",
          "firstName": "",
          "lastName": "",
        }
      }
    />
    <NavigationContainer
      fixed={true}
      hideOnDesktop={false}
      right={false}
    >
      <BackButton
        disabled={false}
        onClick={[Function]}
        type="button"
      />
      <NextButton
        disabled={true}
        loading={false}
        type="submit"
      >
        <FormattedMessage
          defaultMessage="Save"
          id="settings.save"
          values={Object {}}
        />
      </NextButton>
    </NavigationContainer>
  </styled.form>
</ContextProvider>
`;
