// Jest Snapshot v1, https://goo.gl/fbAQLP

exports[`DataSource: Component should render correctly 1`] = `
<Switch>
  <Route
    component={[Function]}
    exact={true}
    path="path/job"
  />
  <Redirect
    exact={true}
    path="path"
    to="path/1"
  />
  <Route
    component={[Function]}
    exact={true}
    path="path/:step"
  />
  <Route
    component={[Function]}
    exact={true}
    path="path/5/add"
  />
</Switch>
`;
