// Jest Snapshot v1, https://goo.gl/fbAQLP

exports[`UserList: Component should render correctly 1`] = `<styled.section />`;

exports[`UserList: Component should render correctly with users 1`] = `
<styled.section>
  <Styled(Styled(Component))
    customStyles={
      Object {
        "flexDirection": null,
      }
    }
    headerComponent={
      <React.Fragment>
        <ForwardRef(styled.div)>
          <Memo(FormattedMessage)
            defaultMessage="Admin"
            id="shared.components.userList.admin"
          />
        </ForwardRef(styled.div)>
      </React.Fragment>
    }
    key="0"
  >
    <styled.div>
      <styled.div>
        <Styled(Link)
          to="/user/1"
        >
          Alan
           
          Watts
        </Styled(Link)>
      </styled.div>
    </styled.div>
  </Styled(Styled(Component))>
  <Styled(Styled(Component))
    customStyles={
      Object {
        "flexDirection": null,
      }
    }
    headerComponent={
      <React.Fragment>
        <ForwardRef(styled.div)>
          <Memo(FormattedMessage)
            defaultMessage="Editor"
            id="shared.components.userList.editor"
          />
        </ForwardRef(styled.div)>
      </React.Fragment>
    }
    key="1"
  >
    <styled.div>
      <styled.div>
        <Styled(Link)
          to="/user/2"
        >
          Dale
           
          Chihuly
        </Styled(Link)>
      </styled.div>
    </styled.div>
  </Styled(Styled(Component))>
  <Styled(Styled(Component))
    customStyles={
      Object {
        "flexDirection": null,
      }
    }
    headerComponent={
      <React.Fragment>
        <ForwardRef(styled.div)>
          <Memo(FormattedMessage)
            defaultMessage="Admin"
            id="shared.components.userList.admin"
          />
        </ForwardRef(styled.div)>
      </React.Fragment>
    }
    key="2"
  >
    <styled.div>
      <styled.div>
        <Styled(Link)
          to="/user/3"
        >
          Dave
           
          Bowie
        </Styled(Link)>
      </styled.div>
    </styled.div>
  </Styled(Styled(Component))>
</styled.section>
`;
