// Jest Snapshot v1, https://goo.gl/fbAQLP

exports[`ScrollToTop: Component should render correctly 1`] = `
<ContextProvider
  value={
    Object {
      "history": Object {
        "action": "PUSH",
        "block": [Function],
        "canGo": [Function],
        "createHref": [Function],
        "entries": Array [
          Object {
            "hash": "",
            "key": "yrotmq",
            "pathname": "/",
            "search": "",
            "state": undefined,
          },
          Object {
            "hash": "",
            "key": "l2rz1i",
            "pathname": "/test/2",
            "search": "",
            "state": undefined,
          },
        ],
        "go": [Function],
        "goBack": [Function],
        "goForward": [Function],
        "index": 1,
        "length": 2,
        "listen": [Function],
        "location": Object {
          "hash": "",
          "key": "l2rz1i",
          "pathname": "/test/2",
          "search": "",
          "state": undefined,
        },
        "push": [Function],
        "replace": [Function],
      },
      "location": Object {
        "hash": "",
        "key": "l2rz1i",
        "pathname": "/test/2",
        "search": "",
        "state": undefined,
      },
      "match": Object {
        "isExact": false,
        "params": Object {},
        "path": "/",
        "url": "/",
      },
      "staticContext": undefined,
    }
  }
>
  <ScrollToTop />
</ContextProvider>
`;
