// Jest Snapshot v1, https://goo.gl/fbAQLP

exports[`CreateDirectory: Component should render correctly 1`] = `
<Fragment>
  <TopHeader
    headerSubtitle={
      <FormattedMessage
        defaultMessage="Create"
        id="project.createDirectory.subTitle"
        values={Object {}}
      />
    }
    headerTitle={
      <FormattedMessage
        defaultMessage="Directories"
        id="project.createDirectory.title"
        values={Object {}}
      />
    }
  />
  <ContextHeader
    subtitle={
      <FormattedMessage
        defaultMessage="Create"
        id="project.createDirectory.subTitle"
        values={Object {}}
      />
    }
    title={
      <FormattedMessage
        defaultMessage="Directories"
        id="project.createDirectory.title"
        values={Object {}}
      />
    }
  />
  <styled.form
    onSubmit={[Function]}
  >
    <TextInput
      checkOnlyErrors={false}
      errors={Object {}}
      fullWidth={true}
      handleBlur={[Function]}
      history={
        Object {
          "push": [Function],
        }
      }
      isEdit={true}
      label="Directory Name"
      match={
        Object {
          "params": Object {
            "projectId": "1",
          },
        }
      }
      name="name"
      onChange={[Function]}
      placeholder="Name"
      touched={Object {}}
    />
    <NavigationContainer
      hideOnDesktop={false}
      right={false}
    >
      <BackButton
        disabled={false}
        id="backBtn"
        onClick={[Function]}
      >
        <FormattedMessage
          defaultMessage="Cancel"
          id="project.createDirectory.cancel"
          values={Object {}}
        />
      </BackButton>
      <NextButton
        disabled={true}
        id="createDirectoryBtn"
        loading={false}
        type="submit"
      >
        <FormattedMessage
          defaultMessage="Create"
          id="project.createDirectory.createDirectory"
          values={Object {}}
        />
      </NextButton>
    </NavigationContainer>
  </styled.form>
</Fragment>
`;
