// Jest Snapshot v1, https://goo.gl/fbAQLP

exports[`View: Component should render correctly 1`] = `
<styled.div>
  <HelmetWrapper
    defer={true}
    encodeSpecialCharacters={true}
    title="View step"
  />
  <TopHeader
    headerSubtitle="View step"
    headerTitle="Data Wrangling"
  />
  <styled.form
    name="dataWranglingForm"
  >
    <TextInput
      disabled={true}
      errors={Object {}}
      fullWidth={true}
      label="Description"
      name="description"
      onChange={[Function]}
      placeholder="Description"
      touched={Object {}}
      value="local:blank_cells.py"
    />
    <SyntaxHighlighter
      language="python"
    >
      
      import pandas as pd
      import numpy as np
      
      """
      Here are some ways to handle blank cells
          1. Fill Blank cells with any value you want
          2. Forward or backward fill the values
          3. Remove rows with Blank cells
      """
      # Sample dataset
      df = pd.DataFrame(
          [[np.nan, 2, np.nan, 0], [3, 4, np.nan, 1], [np.nan, np.nan, np.nan, 5], [np.nan, 3, np.nan, 4]],
          columns=list('ABCD'),
      )
      
      """
      1. Fill
      """
      # Simple fill for entire dataset
      fill_value = 10
      df = df.fillna(fill_value)
      
      # Simple fill for specific field
      column_fill_value = 5
      df = df["A"].fillna(fill_value, inplace=True)
      
      """
      2. Forward and Backward fill
      """
      # forward fill for entire dataset (Fills with previous non-empty value)
      df = df.fillna(method="ffill")
      
      # forward fill column specific
      df = df["A"].fillna(method='ffill', inplace=True)
      
      # backward fill (Fills with next non-empty value)
      df = df.fillna(method="bfill")
      
      # backward fill column specific
      df = df["A"].fillna(method='bfill', inplace=True)
      
      """
      3. Drop rows
      It is not possible to just drop one blank cell. we would need to drop the whole row or column to
      clean our dataset so there can be two cases of blank cells in rows and columns.
      1. All cells are blank (empty row or column)
      2. One or more cells are blank (partially empty row or column)
      """
      # Empty Rows
      df = df.dropna(how='all', axis=0)
      # Empty Columns
      df = df.dropna(how='all', axis=1)
      
      # Empty Rows (specific column)
      df = df['A'].dropna(how='all', axis=0)
      # Empty Columns (specific column)
      df = df['A'].dropna(how='all', axis=1)
      
      # Partially empty Rows
      df = df.dropna(how='any', axis=0)
      # Partially empty Columns
      df = df.dropna(how='any', axis=1)
      
      # Partially empty Rows (specific column)
      df = df.dropna(how='any', axis=0)
      # Partially empty Columns (specific column)
      df = df.dropna(how='any', axis=1)
    
    </SyntaxHighlighter>
  </styled.form>
  <PillButtons
    leftButtonProps={
      Object {
        "onClick": [Function],
        "title": "Back",
      }
    }
    rightButtonProps={
      Object {
        "customStyles": Object {
          "backgroundColor": "#1d1d20",
          "color": "#fff",
        },
        "onClick": [Function],
        "title": "OK",
      }
    }
  />
</styled.div>
`;
