// Jest Snapshot v1, https://goo.gl/fbAQLP

exports[`CheckboxGroup: Component should render correctly 1`] = `
<div
  style={
    Object {
      "borderTop": "1px solid #F0EFEF",
      "display": "flex",
      "flexDirection": "column",
      "width": "320px",
    }
  }
>
  <ContextProvider
    value={
      Object {
        "checkedIcon": <CheckboxOnIcon />,
        "customCheckboxStyles": Object {},
        "isEdit": undefined,
        "name": "name",
        "onChange": [Function],
        "uncCheckedIcon": <CheckboxOffIcon />,
        "value": Array [
          "checkbox 1",
        ],
      }
    }
  >
    <Checkbox
      id="checkbox 1"
      key="1"
      value="checkbox 1"
    >
      checkbox 1
    </Checkbox>
    <Checkbox
      id="checkbox 2"
      isEdit={true}
      key="2"
      value="checkbox 2"
    >
      checkbox 2
    </Checkbox>
  </ContextProvider>
</div>
`;
