// Jest Snapshot v1, https://goo.gl/fbAQLP

exports[`UserCreateCMS: Component should render correctly 1`] = `
<Formik
  displayName="user_create_cms_form"
  enableReinitialize={true}
  initialValues={
    Object {
      "email": "",
      "firstName": "",
      "lastName": "",
      "role": "admin",
    }
  }
  isInitialValid={true}
  onSubmit={[Function]}
  render={[Function]}
  validateOnBlur={true}
  validateOnChange={true}
  validationSchema={
    ObjectSchema {
      "_blacklist": RefSet {
        "list": Set {},
        "refs": Map {},
      },
      "_conditions": Array [],
      "_defaultDefault": [Function],
      "_deps": Array [],
      "_excludedEdges": Array [],
      "_exclusive": Object {},
      "_mutate": undefined,
      "_nodes": Array [
        "email",
        "role",
        "lastName",
        "firstName",
      ],
      "_options": Object {
        "abortEarly": true,
        "recursive": true,
      },
      "_type": "object",
      "_typeError": [Function],
      "_whitelist": RefSet {
        "list": Set {},
        "refs": Map {},
      },
      "fields": Object {
        "email": StringSchema {
          "_blacklist": RefSet {
            "list": Set {},
            "refs": Map {},
          },
          "_conditions": Array [],
          "_deps": Array [],
          "_exclusive": Object {
            "required": true,
            "undefined": false,
          },
          "_mutate": undefined,
          "_options": Object {
            "abortEarly": true,
            "recursive": true,
          },
          "_type": "string",
          "_typeError": [Function],
          "_whitelist": RefSet {
            "list": Set {},
            "refs": Map {},
          },
          "tests": Array [
            [Function],
            [Function],
          ],
          "transforms": Array [
            [Function],
          ],
        },
        "firstName": StringSchema {
          "_blacklist": RefSet {
            "list": Set {},
            "refs": Map {},
          },
          "_conditions": Array [],
          "_deps": Array [],
          "_exclusive": Object {
            "min": true,
            "required": true,
          },
          "_mutate": undefined,
          "_options": Object {
            "abortEarly": true,
            "recursive": true,
          },
          "_type": "string",
          "_typeError": [Function],
          "_whitelist": RefSet {
            "list": Set {},
            "refs": Map {},
          },
          "tests": Array [
            [Function],
            [Function],
          ],
          "transforms": Array [
            [Function],
          ],
        },
        "lastName": StringSchema {
          "_blacklist": RefSet {
            "list": Set {},
            "refs": Map {},
          },
          "_conditions": Array [],
          "_deps": Array [],
          "_exclusive": Object {
            "min": true,
            "required": true,
          },
          "_mutate": undefined,
          "_options": Object {
            "abortEarly": true,
            "recursive": true,
          },
          "_type": "string",
          "_typeError": [Function],
          "_whitelist": RefSet {
            "list": Set {},
            "refs": Map {},
          },
          "tests": Array [
            [Function],
            [Function],
          ],
          "transforms": Array [
            [Function],
          ],
        },
        "role": StringSchema {
          "_blacklist": RefSet {
            "list": Set {},
            "refs": Map {},
          },
          "_conditions": Array [],
          "_default": "",
          "_deps": Array [],
          "_exclusive": Object {
            "required": true,
          },
          "_mutate": undefined,
          "_options": Object {
            "abortEarly": true,
            "recursive": true,
          },
          "_type": "string",
          "_typeError": [Function],
          "_whitelist": RefSet {
            "list": Set {},
            "refs": Map {},
          },
          "tests": Array [
            [Function],
          ],
          "transforms": Array [
            [Function],
            [Function],
          ],
        },
      },
      "tests": Array [],
      "transforms": Array [
        [Function],
      ],
    }
  }
/>
`;
