// Jest Snapshot v1, https://goo.gl/fbAQLP

exports[`NoData: Component should render correctly 1`] = `
<styled.div>
  <MemoizedFormattedMessage
    defaultMessage="No Data Found."
    id="shared.components.noData.noData"
  />
</styled.div>
`;
