// Jest Snapshot v1, https://goo.gl/fbAQLP

exports[`ArrowRightIcon: Component should render correctly 1`] = `
<ContextConsumer>
  <Component />
</ContextConsumer>
`;

exports[`ArrowRightIcon: Component should render with custom styles 1`] = `
<ContextConsumer>
  <Component />
</ContextConsumer>
`;
